Copyright 1986-2018 Xilinx, Inc. All Rights Reserved.
--------------------------------------------------------------------------------------
| Tool Version : Vivado v.2018.2.2 (win64) Build 2348494 Mon Oct  1 18:25:44 MDT 2018
| Date         : Fri Dec  7 23:51:29 2018
| Host         : DESKTOP-QA2Q75J running 64-bit major release  (build 9200)
| Command      : report_control_sets -verbose -file top_control_sets_placed.rpt
| Design       : top
| Device       : xc7a100t
--------------------------------------------------------------------------------------

Control Set Information

Table of Contents
-----------------
1. Summary
2. Histogram
3. Flip-Flop Distribution
4. Detailed Control Set Information

1. Summary
----------

+----------------------------------------------------------+-------+
|                          Status                          | Count |
+----------------------------------------------------------+-------+
| Number of unique control sets                            |    24 |
| Unused register locations in slices containing registers |    42 |
+----------------------------------------------------------+-------+


2. Histogram
------------

+--------+--------------+
| Fanout | Control Sets |
+--------+--------------+
|      8 |            5 |
|     12 |            2 |
|    16+ |           17 |
+--------+--------------+


3. Flip-Flop Distribution
-------------------------

+--------------+-----------------------+------------------------+-----------------+--------------+
| Clock Enable | Synchronous Set/Reset | Asynchronous Set/Reset | Total Registers | Total Slices |
+--------------+-----------------------+------------------------+-----------------+--------------+
| No           | No                    | No                     |              34 |           13 |
| No           | No                    | Yes                    |              38 |            5 |
| No           | Yes                   | No                     |             128 |           22 |
| Yes          | No                    | No                     |             760 |          107 |
| Yes          | No                    | Yes                    |              24 |           11 |
| Yes          | Yes                   | No                     |             382 |           68 |
+--------------+-----------------------+------------------------+-----------------+--------------+


4. Detailed Control Set Information
-----------------------------------

+-------------------------------+-----------------------------------------------+----------------------------------------------------------------------------------------+------------------+----------------+
|          Clock Signal         |                 Enable Signal                 |                                    Set/Reset Signal                                    | Slice Load Count | Bel Load Count |
+-------------------------------+-----------------------------------------------+----------------------------------------------------------------------------------------+------------------+----------------+
|  CLK100MHZ_IBUF_BUFG          | nolabel_line112/CE0                           | nolabel_line112/nolabel_line30/U0/i_synth/i_baseblox.i_baseblox_counter/clear_count__0 |                1 |              8 |
|  CLK100MHZ_IBUF_BUFG          | nolabel_line112/p_2_in                        | nolabel_line112/nolabel_line29/U0/i_synth/i_baseblox.i_baseblox_counter/clear_count__0 |                1 |              8 |
|  CLK100MHZ_IBUF_BUFG          | nolabel_line82/CE                             | nolabel_line112/nolabel_line27/U0/i_synth/i_baseblox.i_baseblox_counter/clear_count__0 |                1 |              8 |
|  CLK100MHZ_IBUF_BUFG          | nolabel_line82/current_direction_reg[0]       | nolabel_line82/snake_x_reg[0][0]_0                                                     |                3 |              8 |
|  CLK100MHZ_IBUF_BUFG          | nolabel_line82/seg_reg[6]                     | nolabel_line112/nolabel_line28/U0/i_synth/i_baseblox.i_baseblox_counter/clear_count__0 |                1 |              8 |
|  CLK100MHZ_IBUF_BUFG          | nolabel_line82/snake_x_reg[0][0][0]           | nolabel_line82/snake_x_reg[0][0]_0                                                     |                2 |             12 |
|  CLK100MHZ_IBUF_BUFG          | nolabel_line82/snake_y_reg[0][0][0]           | nolabel_line82/snake_x_reg[0][0]_0                                                     |                3 |             12 |
|  CLK100MHZ_IBUF_BUFG          |                                               |                                                                                        |                7 |             16 |
|  nolabel_line50/inst/clk_out1 |                                               |                                                                                        |                6 |             18 |
|  CLK100MHZ_IBUF_BUFG          | nolabel_line82/E[0]                           | nolabel_line82/snake_x_reg[0][0]_0                                                     |                4 |             22 |
|  nolabel_line50/inst/clk_out1 | nolabel_line52/nolabel_line44/E[0]            | nolabel_line52/nolabel_line44/y_counter_reg[0]_0[0]                                    |                6 |             22 |
|  CLK100MHZ_IBUF_BUFG          | nolabel_line112/nolabel_line32/seg[7]_i_1_n_0 | reset_IBUF                                                                             |               11 |             24 |
|  nolabel_line50/inst/clk_out1 |                                               | nolabel_line52/nolabel_line44/E[0]                                                     |                3 |             24 |
|  nolabel_line50/inst/clk_out1 |                                               | nolabel_line52/nolabel_line44/SR[0]                                                    |                5 |             24 |
|  CLK100MHZ_IBUF_BUFG          |                                               | nolabel_line82/snake_x_reg[0][0]_0                                                     |                7 |             28 |
|  CLK100MHZ_IBUF_BUFG          |                                               | reset_IBUF                                                                             |                5 |             38 |
|  CLK100MHZ_IBUF_BUFG          | nolabel_line82/snake_y_reg[1][0][0]           | nolabel_line82/snake_x_reg[0][0]_0                                                     |                6 |             48 |
|  CLK100MHZ_IBUF_BUFG          |                                               | nolabel_line65/clear                                                                   |                7 |             52 |
|  CLK100MHZ_IBUF_BUFG          | nolabel_line82/current_direction_reg[0]       | nolabel_line82/snake_y_reg[31][0]                                                      |                7 |             52 |
|  CLK100MHZ_IBUF_BUFG          | nolabel_line82/count_two_reg[27]_0[0]         | nolabel_line65/SR[0]                                                                   |                8 |             56 |
|  CLK100MHZ_IBUF_BUFG          | nolabel_line65/snake_piece_is_display0        | nolabel_line65/snake_piece_is_display[31]_i_1_n_0                                      |               16 |             58 |
|  CLK100MHZ_IBUF_BUFG          | nolabel_line82/count_reg[29]_0                | nolabel_line82/count[29]_i_1_n_0                                                       |                9 |             60 |
|  CLK100MHZ_IBUF_BUFG          | nolabel_line82/current_direction_reg[0]       |                                                                                        |               17 |             64 |
|  CLK100MHZ_IBUF_BUFG          | nolabel_line82/snake_y_reg[31][0]             |                                                                                        |               90 |            696 |
+-------------------------------+-----------------------------------------------+----------------------------------------------------------------------------------------+------------------+----------------+


